2026-03-26 00:53:40.525 IST [14050] LOG:  starting PostgreSQL 18.3 on x86_64-pc-linux-gnu, compiled by gcc (GCC) 15.2.1 20260209, 64-bit
2026-03-26 00:53:40.525 IST [14050] LOG:  listening on IPv4 address "127.0.0.1", port 5432
2026-03-26 00:53:40.534 IST [14050] LOG:  listening on IPv6 address "::1", port 5432
2026-03-26 00:53:40.535 IST [14050] LOG:  could not bind IPv4 address "127.0.0.1": Address already in use
2026-03-26 00:53:40.535 IST [14050] HINT:  Is another postmaster already running on port 5432? If not, wait a few seconds and retry.
2026-03-26 00:53:40.553 IST [14050] LOG:  listening on Unix socket "/home/shuvam/codes/Art_Bid/.local-pg/.s.PGSQL.5432"
2026-03-26 00:53:40.612 IST [14073] LOG:  database system was interrupted; last known up at 2026-03-26 00:40:40 IST
2026-03-26 00:53:40.682 IST [14073] LOG:  database system was not properly shut down; automatic recovery in progress
2026-03-26 00:53:40.791 IST [14073] LOG:  redo starts at 0/1CDA6D8
2026-03-26 00:53:40.800 IST [14073] LOG:  invalid record length at 0/1CDB110: expected at least 24, got 0
2026-03-26 00:53:40.800 IST [14073] LOG:  redo done at 0/1CDB0D8 system usage: CPU: user: 0.00 s, system: 0.00 s, elapsed: 0.00 s
2026-03-26 00:53:40.834 IST [14071] LOG:  checkpoint starting: end-of-recovery immediate wait
2026-03-26 00:53:41.071 IST [14071] LOG:  checkpoint complete: wrote 5 buffers (0.0%), wrote 3 SLRU buffers; 0 WAL file(s) added, 0 removed, 0 recycled; write=0.012 s, sync=0.122 s, total=0.247 s; sync files=7, longest=0.087 s, average=0.018 s; distance=2 kB, estimate=2 kB; lsn=0/1CDB110, redo lsn=0/1CDB110
2026-03-26 00:53:41.102 IST [14050] LOG:  database system is ready to accept connections
2026-03-26 00:53:50.267 IST [14354] FATAL:  database "shuvam" does not exist
2026-03-26 00:53:59.635 IST [14728] FATAL:  database "shuvam" does not exist
2026-03-26 00:59:07.800 IST [22699] FATAL:  database "shuvam" does not exist
2026-03-26 01:03:18.812 IST [27111] FATAL:  database "shuvam" does not exist
2026-03-26 01:08:40.373 IST [14071] LOG:  checkpoint starting: time
2026-03-26 01:08:41.943 IST [14071] LOG:  checkpoint complete: wrote 12 buffers (0.1%), wrote 1 SLRU buffers; 0 WAL file(s) added, 0 removed, 0 recycled; write=1.211 s, sync=0.181 s, total=1.571 s; sync files=12, longest=0.174 s, average=0.016 s; distance=15 kB, estimate=15 kB; lsn=0/1CDF0F0, redo lsn=0/1CDF060
2026-03-26 02:03:42.000 IST [14071] LOG:  checkpoint starting: time
2026-03-26 02:03:42.867 IST [14071] LOG:  checkpoint complete: wrote 5 buffers (0.0%), wrote 1 SLRU buffers; 0 WAL file(s) added, 0 removed, 0 recycled; write=0.508 s, sync=0.178 s, total=0.868 s; sync files=6, longest=0.175 s, average=0.030 s; distance=3 kB, estimate=14 kB; lsn=0/1CDFFA8, redo lsn=0/1CDFF50
2026-03-26 02:23:42.267 IST [14071] LOG:  checkpoint starting: time
2026-03-26 02:23:43.134 IST [14071] LOG:  checkpoint complete: wrote 5 buffers (0.0%), wrote 1 SLRU buffers; 0 WAL file(s) added, 0 removed, 0 recycled; write=0.509 s, sync=0.178 s, total=0.868 s; sync files=6, longest=0.175 s, average=0.030 s; distance=4 kB, estimate=13 kB; lsn=0/1CE1048, redo lsn=0/1CE0FF0
2026-03-26 02:52:43.726 IST [178230] FATAL:  database "shuvam" does not exist
2026-03-26 03:03:42.919 IST [14071] LOG:  checkpoint starting: time
2026-03-26 03:03:43.745 IST [14071] LOG:  checkpoint complete: wrote 8 buffers (0.0%), wrote 1 SLRU buffers; 0 WAL file(s) added, 0 removed, 0 recycled; write=0.809 s, sync=0.008 s, total=0.826 s; sync files=9, longest=0.002 s, average=0.001 s; distance=5 kB, estimate=12 kB; lsn=0/1CE25A0, redo lsn=0/1CE2548
2026-03-26 14:58:54.617 IST [14071] LOG:  checkpoint starting: time
2026-03-26 14:58:55.136 IST [14071] LOG:  checkpoint complete: wrote 5 buffers (0.0%), wrote 1 SLRU buffers; 0 WAL file(s) added, 0 removed, 0 recycled; write=0.506 s, sync=0.007 s, total=0.521 s; sync files=6, longest=0.004 s, average=0.002 s; distance=5 kB, estimate=11 kB; lsn=0/1CE3A28, redo lsn=0/1CE39D0
2026-03-26 18:13:57.228 IST [14071] LOG:  checkpoint starting: time
2026-03-26 18:13:57.759 IST [14071] LOG:  checkpoint complete: wrote 5 buffers (0.0%), wrote 1 SLRU buffers; 0 WAL file(s) added, 0 removed, 0 recycled; write=0.512 s, sync=0.006 s, total=0.539 s; sync files=6, longest=0.003 s, average=0.001 s; distance=5 kB, estimate=11 kB; lsn=0/1CE5018, redo lsn=0/1CE4FC0
2026-03-26 21:59:01.961 IST [14071] LOG:  checkpoint starting: time
2026-03-26 21:59:04.164 IST [14071] LOG:  checkpoint complete: wrote 18 buffers (0.1%), wrote 1 SLRU buffers; 0 WAL file(s) added, 0 removed, 0 recycled; write=1.992 s, sync=0.019 s, total=2.204 s; sync files=17, longest=0.009 s, average=0.002 s; distance=13 kB, estimate=13 kB; lsn=0/1CE8630, redo lsn=0/1CE85D8
2026-03-26 22:04:01.178 IST [14071] LOG:  checkpoint starting: time
2026-03-26 22:04:04.137 IST [14071] LOG:  checkpoint complete: wrote 25 buffers (0.2%), wrote 1 SLRU buffers; 0 WAL file(s) added, 0 removed, 0 recycled; write=2.692 s, sync=0.185 s, total=2.960 s; sync files=19, longest=0.174 s, average=0.010 s; distance=48 kB, estimate=48 kB; lsn=0/1CF46A0, redo lsn=0/1CF4648
2026-03-26 22:54:01.885 IST [14071] LOG:  checkpoint starting: time
2026-03-26 22:54:02.750 IST [14071] LOG:  checkpoint complete: wrote 5 buffers (0.0%), wrote 1 SLRU buffers; 0 WAL file(s) added, 0 removed, 0 recycled; write=0.505 s, sync=0.179 s, total=0.866 s; sync files=6, longest=0.175 s, average=0.030 s; distance=6 kB, estimate=43 kB; lsn=0/1CF5FA0, redo lsn=0/1CF5F48
2026-03-27 01:19:04.354 IST [14071] LOG:  checkpoint starting: time
2026-03-27 01:19:04.471 IST [14071] LOG:  checkpoint complete: wrote 1 buffers (0.0%), wrote 0 SLRU buffers; 0 WAL file(s) added, 0 removed, 0 recycled; write=0.106 s, sync=0.002 s, total=0.117 s; sync files=1, longest=0.002 s, average=0.002 s; distance=0 kB, estimate=39 kB; lsn=0/1CF6368, redo lsn=0/1CF6310
2026-03-27 11:42:24.843 IST [7745] LOG:  starting PostgreSQL 18.3 on x86_64-pc-linux-gnu, compiled by gcc (GCC) 15.2.1 20260209, 64-bit
2026-03-27 11:42:24.845 IST [7745] LOG:  listening on IPv4 address "127.0.0.1", port 5432
2026-03-27 11:42:24.848 IST [7745] LOG:  listening on IPv6 address "::1", port 5432
2026-03-27 11:42:24.848 IST [7745] LOG:  could not bind IPv4 address "127.0.0.1": Address already in use
2026-03-27 11:42:24.848 IST [7745] HINT:  Is another postmaster already running on port 5432? If not, wait a few seconds and retry.
2026-03-27 11:42:24.850 IST [7745] LOG:  listening on Unix socket "/home/shuvam/codes/Art_Bid/.local-pg/.s.PGSQL.5432"
2026-03-27 11:42:24.857 IST [7751] LOG:  database system was interrupted; last known up at 2026-03-27 01:19:04 IST
2026-03-27 11:42:24.873 IST [7751] LOG:  database system was not properly shut down; automatic recovery in progress
2026-03-27 11:42:24.876 IST [7751] LOG:  redo starts at 0/1CF6310
2026-03-27 11:42:24.876 IST [7751] LOG:  invalid record length at 0/1CF6418: expected at least 24, got 0
2026-03-27 11:42:24.876 IST [7751] LOG:  redo done at 0/1CF63E0 system usage: CPU: user: 0.00 s, system: 0.00 s, elapsed: 0.00 s
2026-03-27 11:42:24.881 IST [7749] LOG:  checkpoint starting: end-of-recovery immediate wait
2026-03-27 11:42:24.890 IST [7749] LOG:  checkpoint complete: wrote 0 buffers (0.0%), wrote 3 SLRU buffers; 0 WAL file(s) added, 0 removed, 0 recycled; write=0.001 s, sync=0.002 s, total=0.010 s; sync files=2, longest=0.001 s, average=0.001 s; distance=0 kB, estimate=0 kB; lsn=0/1CF6418, redo lsn=0/1CF6418
2026-03-27 11:42:24.894 IST [7745] LOG:  database system is ready to accept connections
2026-03-27 11:42:37.694 IST [8006] FATAL:  database "shuvam" does not exist
2026-03-27 11:42:46.896 IST [8244] FATAL:  database "shuvam" does not exist
2026-03-27 11:43:05.960 IST [8540] FATAL:  database "shuvam" does not exist
2026-03-27 11:47:24.989 IST [7749] LOG:  checkpoint starting: time
2026-03-27 11:47:25.677 IST [7749] LOG:  checkpoint complete: wrote 5 buffers (0.0%), wrote 1 SLRU buffers; 0 WAL file(s) added, 0 removed, 0 recycled; write=0.504 s, sync=0.005 s, total=0.688 s; sync files=6, longest=0.002 s, average=0.001 s; distance=6 kB, estimate=6 kB; lsn=0/1CF7E88, redo lsn=0/1CF7E30
2026-03-27 12:10:45.231 IST [30552] FATAL:  database "shuvam" does not exist
2026-03-27 12:20:24.567 IST [37412] FATAL:  database "shuvam" does not exist
2026-03-27 15:42:28.565 IST [7749] LOG:  checkpoint starting: time
2026-03-27 15:42:29.085 IST [7749] LOG:  checkpoint complete: wrote 5 buffers (0.0%), wrote 1 SLRU buffers; 0 WAL file(s) added, 0 removed, 0 recycled; write=0.507 s, sync=0.005 s, total=0.520 s; sync files=6, longest=0.002 s, average=0.001 s; distance=7 kB, estimate=7 kB; lsn=0/1CF9AC8, redo lsn=0/1CF9A70
2026-03-27 16:02:28.454 IST [7749] LOG:  checkpoint starting: time
2026-03-27 16:02:29.464 IST [7749] LOG:  checkpoint complete: wrote 7 buffers (0.0%), wrote 1 SLRU buffers; 0 WAL file(s) added, 0 removed, 0 recycled; write=0.708 s, sync=0.179 s, total=1.010 s; sync files=8, longest=0.175 s, average=0.023 s; distance=5 kB, estimate=6 kB; lsn=0/1CFB010, redo lsn=0/1CFAFB8
2026-03-27 16:07:28.564 IST [7749] LOG:  checkpoint starting: time
2026-03-27 16:07:29.527 IST [7749] LOG:  checkpoint complete: wrote 6 buffers (0.0%), wrote 1 SLRU buffers; 0 WAL file(s) added, 0 removed, 0 recycled; write=0.605 s, sync=0.180 s, total=0.964 s; sync files=7, longest=0.175 s, average=0.026 s; distance=2 kB, estimate=6 kB; lsn=0/1CFBA98, redo lsn=0/1CFBA40
2026-03-27 16:12:28.628 IST [7749] LOG:  checkpoint starting: time
2026-03-27 16:12:29.416 IST [7749] LOG:  checkpoint complete: wrote 6 buffers (0.0%), wrote 1 SLRU buffers; 0 WAL file(s) added, 0 removed, 0 recycled; write=0.607 s, sync=0.178 s, total=0.789 s; sync files=7, longest=0.175 s, average=0.026 s; distance=3 kB, estimate=6 kB; lsn=0/1CFC6C0, redo lsn=0/1CFC668
2026-03-27 18:37:30.799 IST [7749] LOG:  checkpoint starting: time
2026-03-27 18:37:31.763 IST [7749] LOG:  checkpoint complete: wrote 6 buffers (0.0%), wrote 1 SLRU buffers; 0 WAL file(s) added, 0 removed, 0 recycled; write=0.606 s, sync=0.178 s, total=0.964 s; sync files=7, longest=0.175 s, average=0.026 s; distance=3 kB, estimate=5 kB; lsn=0/1CFD418, redo lsn=0/1CFD3C0
2026-03-27 18:42:30.863 IST [7749] LOG:  checkpoint starting: time
2026-03-27 18:42:31.828 IST [7749] LOG:  checkpoint complete: wrote 6 buffers (0.0%), wrote 1 SLRU buffers; 0 WAL file(s) added, 0 removed, 0 recycled; write=0.607 s, sync=0.179 s, total=0.965 s; sync files=7, longest=0.175 s, average=0.026 s; distance=3 kB, estimate=5 kB; lsn=0/1CFE330, redo lsn=0/1CFE2A0
2026-03-27 18:47:30.928 IST [7749] LOG:  checkpoint starting: time
2026-03-27 18:47:31.890 IST [7749] LOG:  checkpoint complete: wrote 6 buffers (0.0%), wrote 1 SLRU buffers; 0 WAL file(s) added, 0 removed, 0 recycled; write=0.605 s, sync=0.179 s, total=0.962 s; sync files=7, longest=0.175 s, average=0.026 s; distance=4 kB, estimate=5 kB; lsn=0/1CFF5F0, redo lsn=0/1CFF598
2026-03-27 20:10:54.647 IST [374785] FATAL:  database "shuvam" does not exist
2026-03-27 20:15:18.142 IST [378868] FATAL:  database "shuvam" does not exist
